[1;32m[Checks][0m kernel/cpio/cpio.c ...
/home/tmx/TKernel2/kernel/cpio/cpio.c:45:18: warning: integer to pointer cast pessimizes optimization opportunities [performance-no-int-to-ptr]
   45 |         header = (newc_header *)(align((uintptr_t)(((uintptr_t)header) + 110 + namesize + size)));
      |                  ^
[1;32m[Checks][0m kernel/elf/elf_parse.c ...
/home/tmx/TKernel2/kernel/elf/elf_parse.c:43:20: warning: narrowing conversion from 'unsigned long' to signed type 'int' is implementation-defined [bugprone-narrowing-conversions]
   43 |     int symcount = symtab_hdr->sh_size / sizeof(Elf64_Sym);
      |                    ^
/home/tmx/TKernel2/kernel/elf/elf_parse.c:71:12: warning: integer to pointer cast pessimizes optimization opportunities [performance-no-int-to-ptr]
   71 |     return (enter)(uintptr_t)get_symbol_address(base,"_start");
      |            ^
include/printk.h:40:9: warning: declaration uses identifier '__ansi_tmp_macro1', which is a reserved identifier [bugprone-reserved-identifier,cert-dcl37-c,cert-dcl51-cpp]
   40 | #define __ansi_tmp_macro1(x) #x
      |         ^~~~~~~~~~~~~~~~~
      |         _ansi_tmp_macro1
include/printk.h:41:9: warning: declaration uses identifier '__ansi_tmp_macro2', which is a reserved identifier [bugprone-reserved-identifier,cert-dcl37-c,cert-dcl51-cpp]
   41 | #define __ansi_tmp_macro2(x) __ansi_tmp_macro1(x)
      |         ^~~~~~~~~~~~~~~~~
      |         _ansi_tmp_macro2
[1;32m[Checks][0m kernel/elf/linker_x86_64.c ...
/home/tmx/TKernel2/kernel/elf/linker_x86_64.c:22:34: warning: narrowing conversion from 'Elf64_Xword' (aka 'unsigned long') to signed type 'int' is implementation-defined [bugprone-narrowing-conversions]
   22 |         int         nsyms      = symtab_hdr->sh_size / symtab_hdr->sh_entsize;
      |                                  ^
/home/tmx/TKernel2/kernel/elf/linker_x86_64.c:28:29: warning: narrowing conversion from 'Elf64_Xword' (aka 'unsigned long') to signed type 'int' is implementation-defined [bugprone-narrowing-conversions]
   28 |         int         count = shdr[i].sh_size / shdr[i].sh_entsize;
      |                             ^
/home/tmx/TKernel2/kernel/elf/linker_x86_64.c:45:30: warning: integer to pointer cast pessimizes optimization opportunities [performance-no-int-to-ptr]
   45 |             uintptr_t *loc = (uintptr_t *)((uintptr_t)target_sec_base + rela[j].r_offset);
      |                              ^
/home/tmx/TKernel2/kernel/elf/linker_x86_64.c:82:17: warning: switch has 2 consecutive identical branches [bugprone-branch-clone]
   82 |                 case R_X86_64_PC32 :
      |                 ^
/home/tmx/TKernel2/kernel/elf/linker_x86_64.c:89:26: note: last of these clones ends here
   89 |                     break;
      |                          ^
include/kernel.h:57:13: warning: declaration uses identifier '_symbol_table_start', which is reserved in the global namespace [bugprone-reserved-identifier,cert-dcl37-c,cert-dcl51-cpp]
   57 | extern ksym _symbol_table_start[];
      |             ^~~~~~~~~~~~~~~~~~~
      |             symbol_table_start
include/kernel.h:58:13: warning: declaration uses identifier '_symbol_table_end', which is reserved in the global namespace [bugprone-reserved-identifier,cert-dcl37-c,cert-dcl51-cpp]
   58 | extern ksym _symbol_table_end[];
      |             ^~~~~~~~~~~~~~~~~
      |             symbol_table_end
include/printk.h:40:9: warning: declaration uses identifier '__ansi_tmp_macro1', which is a reserved identifier [bugprone-reserved-identifier,cert-dcl37-c,cert-dcl51-cpp]
   40 | #define __ansi_tmp_macro1(x) #x
      |         ^~~~~~~~~~~~~~~~~
      |         _ansi_tmp_macro1
include/printk.h:41:9: warning: declaration uses identifier '__ansi_tmp_macro2', which is a reserved identifier [bugprone-reserved-identifier,cert-dcl37-c,cert-dcl51-cpp]
   41 | #define __ansi_tmp_macro2(x) __ansi_tmp_macro1(x)
      |         ^~~~~~~~~~~~~~~~~
      |         _ansi_tmp_macro2
[1;32m[Checks][0m kernel/debug/serial.c ...
[1;32m[Checks][0m kernel/debug/printk.c ...
include/printk.h:40:9: warning: declaration uses identifier '__ansi_tmp_macro1', which is a reserved identifier [bugprone-reserved-identifier,cert-dcl37-c,cert-dcl51-cpp]
   40 | #define __ansi_tmp_macro1(x) #x
      |         ^~~~~~~~~~~~~~~~~
      |         _ansi_tmp_macro1
include/printk.h:41:9: warning: declaration uses identifier '__ansi_tmp_macro2', which is a reserved identifier [bugprone-reserved-identifier,cert-dcl37-c,cert-dcl51-cpp]
   41 | #define __ansi_tmp_macro2(x) __ansi_tmp_macro1(x)
      |         ^~~~~~~~~~~~~~~~~
      |         _ansi_tmp_macro2
[1;32m[Checks][0m kernel/debug/debug.c ...
/home/tmx/TKernel2/kernel/debug/debug.c:4:6: warning: function 'panic' can be made static to enforce internal linkage [misc-use-internal-linkage]
    4 | void panic(const char *format, ...){
      |      ^
      | static 
include/printk.h:40:9: warning: declaration uses identifier '__ansi_tmp_macro1', which is a reserved identifier [bugprone-reserved-identifier,cert-dcl37-c,cert-dcl51-cpp]
   40 | #define __ansi_tmp_macro1(x) #x
      |         ^~~~~~~~~~~~~~~~~
      |         _ansi_tmp_macro1
include/printk.h:41:9: warning: declaration uses identifier '__ansi_tmp_macro2', which is a reserved identifier [bugprone-reserved-identifier,cert-dcl37-c,cert-dcl51-cpp]
   41 | #define __ansi_tmp_macro2(x) __ansi_tmp_macro1(x)
      |         ^~~~~~~~~~~~~~~~~
      |         _ansi_tmp_macro2
[1;32m[Checks][0m kernel/common.c ...
/home/tmx/TKernel2/kernel/common.c:19:11: warning: 2 adjacent parameters of 'outb' of convertible types are easily swapped by mistake [bugprone-easily-swappable-parameters]
   19 | void outb(uint16_t port, uint8_t value)
      |           ^~~~~~~~~~~~~~~~~~~~~~~~~~~~
/home/tmx/TKernel2/kernel/common.c:19:20: note: the first parameter in the range is 'port'
   19 | void outb(uint16_t port, uint8_t value)
      |                    ^~~~
/home/tmx/TKernel2/kernel/common.c:19:34: note: the last parameter in the range is 'value'
   19 | void outb(uint16_t port, uint8_t value)
      |                                  ^~~~~
/home/tmx/TKernel2/kernel/common.c:19:11: note: 
   19 | void outb(uint16_t port, uint8_t value)
      |           ^
/home/tmx/TKernel2/kernel/common.c:19:26: note: 'uint16_t' and 'uint8_t' may be implicitly converted: 'uint16_t' (as 'unsigned short') -> 'uint8_t' (as 'unsigned char'), 'uint8_t' (as 'unsigned char') -> 'uint16_t' (as 'unsigned short')
   19 | void outb(uint16_t port, uint8_t value)
      |                          ^
/home/tmx/TKernel2/kernel/common.c:31:11: warning: 2 adjacent parameters of 'outw' of similar type ('uint16_t') are easily swapped by mistake [bugprone-easily-swappable-parameters]
   31 | void outw(uint16_t port, uint16_t value)
      |           ^~~~~~~~~~~~~~~~~~~~~~~~~~~~~
/home/tmx/TKernel2/kernel/common.c:31:20: note: the first parameter in the range is 'port'
   31 | void outw(uint16_t port, uint16_t value)
      |                    ^~~~
/home/tmx/TKernel2/kernel/common.c:31:35: note: the last parameter in the range is 'value'
   31 | void outw(uint16_t port, uint16_t value)
      |                                   ^~~~~
/home/tmx/TKernel2/kernel/common.c:43:11: warning: 2 adjacent parameters of 'outl' of convertible types are easily swapped by mistake [bugprone-easily-swappable-parameters]
   43 | void outl(uint16_t port, uint32_t value)
      |           ^~~~~~~~~~~~~~~~~~~~~~~~~~~~~
/home/tmx/TKernel2/kernel/common.c:43:20: note: the first parameter in the range is 'port'
   43 | void outl(uint16_t port, uint32_t value)
      |                    ^~~~
/home/tmx/TKernel2/kernel/common.c:43:35: note: the last parameter in the range is 'value'
   43 | void outl(uint16_t port, uint32_t value)
      |                                   ^~~~~
/home/tmx/TKernel2/kernel/common.c:43:11: note: 
   43 | void outl(uint16_t port, uint32_t value)
      |           ^
/home/tmx/TKernel2/kernel/common.c:43:26: note: 'uint16_t' and 'uint32_t' may be implicitly converted: 'uint16_t' (as 'unsigned short') -> 'uint32_t' (as 'unsigned int'), 'uint32_t' (as 'unsigned int') -> 'uint16_t' (as 'unsigned short')
   43 | void outl(uint16_t port, uint32_t value)
      |                          ^
/home/tmx/TKernel2/kernel/common.c:107:12: warning: 2 adjacent parameters of 'wrmsr' of convertible types are easily swapped by mistake [bugprone-easily-swappable-parameters]
  107 | void wrmsr(uint32_t msr, uint64_t value)
      |            ^~~~~~~~~~~~~~~~~~~~~~~~~~~~
/home/tmx/TKernel2/kernel/common.c:107:21: note: the first parameter in the range is 'msr'
  107 | void wrmsr(uint32_t msr, uint64_t value)
      |                     ^~~
/home/tmx/TKernel2/kernel/common.c:107:35: note: the last parameter in the range is 'value'
  107 | void wrmsr(uint32_t msr, uint64_t value)
      |                                   ^~~~~
/home/tmx/TKernel2/kernel/common.c:107:12: note: 
  107 | void wrmsr(uint32_t msr, uint64_t value)
      |            ^
/home/tmx/TKernel2/kernel/common.c:107:26: note: 'uint32_t' and 'uint64_t' may be implicitly converted: 'uint32_t' (as 'unsigned int') -> 'uint64_t' (as 'unsigned long'), 'uint64_t' (as 'unsigned long') -> 'uint32_t' (as 'unsigned int')
  107 | void wrmsr(uint32_t msr, uint64_t value)
      |                          ^
/home/tmx/TKernel2/kernel/common.c:127:10: warning: function 'rdtsc' can be made static to enforce internal linkage [misc-use-internal-linkage]
  127 | uint64_t rdtsc(void)
      |          ^
      | static 
/home/tmx/TKernel2/kernel/common.c:135:10: warning: function 'rdtsc_serialized' can be made static to enforce internal linkage [misc-use-internal-linkage]
  135 | uint64_t rdtsc_serialized(void)
      |          ^
      | static 
/home/tmx/TKernel2/kernel/common.c:148:10: warning: function 'rdtscp' can be made static to enforce internal linkage [misc-use-internal-linkage]
  148 | uint64_t rdtscp(uint32_t *aux)
      |          ^
      | static 
/home/tmx/TKernel2/kernel/common.c:156:10: warning: function 'rdtscp_serialized' can be made static to enforce internal linkage [misc-use-internal-linkage]
  156 | uint64_t rdtscp_serialized(uint32_t *aux)
      |          ^
      | static 
[1;32m[Checks][0m kernel/module/module.c ...
/home/tmx/TKernel2/kernel/module/module.c:18:45: warning: integer to pointer cast pessimizes optimization opportunities [performance-no-int-to-ptr]
   18 |                 module_info *mod = load_mod((Elf64_Ehdr *)ncfs.file_list[i].data_ptr);
      |                                             ^
/home/tmx/TKernel2/kernel/module/module.c:52:22: warning: integer to pointer cast pessimizes optimization opportunities [performance-no-int-to-ptr]
   52 |     mod_enter test = (mod_enter)(intptr_t)elf_pie_enter_parse(base_addr);
      |                      ^
include/kernel.h:57:13: warning: declaration uses identifier '_symbol_table_start', which is reserved in the global namespace [bugprone-reserved-identifier,cert-dcl37-c,cert-dcl51-cpp]
   57 | extern ksym _symbol_table_start[];
      |             ^~~~~~~~~~~~~~~~~~~
      |             symbol_table_start
include/kernel.h:58:13: warning: declaration uses identifier '_symbol_table_end', which is reserved in the global namespace [bugprone-reserved-identifier,cert-dcl37-c,cert-dcl51-cpp]
   58 | extern ksym _symbol_table_end[];
      |             ^~~~~~~~~~~~~~~~~
      |             symbol_table_end
[1;32m[Checks][0m kernel/kmain.c ...
/home/tmx/TKernel2/kernel/kmain.c:14:11: warning: potentially unintended semicolon [bugprone-suspicious-semicolon]
   14 | { for (;;); }
      |           ^
include/kernel.h:57:13: warning: declaration uses identifier '_symbol_table_start', which is reserved in the global namespace [bugprone-reserved-identifier,cert-dcl37-c,cert-dcl51-cpp]
   57 | extern ksym _symbol_table_start[];
      |             ^~~~~~~~~~~~~~~~~~~
      |             symbol_table_start
include/kernel.h:58:13: warning: declaration uses identifier '_symbol_table_end', which is reserved in the global namespace [bugprone-reserved-identifier,cert-dcl37-c,cert-dcl51-cpp]
   58 | extern ksym _symbol_table_end[];
      |             ^~~~~~~~~~~~~~~~~
      |             symbol_table_end
include/printk.h:40:9: warning: declaration uses identifier '__ansi_tmp_macro1', which is a reserved identifier [bugprone-reserved-identifier,cert-dcl37-c,cert-dcl51-cpp]
   40 | #define __ansi_tmp_macro1(x) #x
      |         ^~~~~~~~~~~~~~~~~
      |         _ansi_tmp_macro1
include/printk.h:41:9: warning: declaration uses identifier '__ansi_tmp_macro2', which is a reserved identifier [bugprone-reserved-identifier,cert-dcl37-c,cert-dcl51-cpp]
   41 | #define __ansi_tmp_macro2(x) __ansi_tmp_macro1(x)
      |         ^~~~~~~~~~~~~~~~~
      |         _ansi_tmp_macro2
[1;32m[Checks][0m boot/limine/limine_module.c ...
/home/tmx/TKernel2/boot/limine/limine_module.c:17:15: warning: variable 'lmodule' can be made static to enforce internal linkage [misc-use-internal-linkage]
   17 | lmodule_t     lmodule[128];
      |               ^
      | static 
include/kernel.h:57:13: warning: declaration uses identifier '_symbol_table_start', which is reserved in the global namespace [bugprone-reserved-identifier,cert-dcl37-c,cert-dcl51-cpp]
   57 | extern ksym _symbol_table_start[];
      |             ^~~~~~~~~~~~~~~~~~~
      |             symbol_table_start
include/kernel.h:58:13: warning: declaration uses identifier '_symbol_table_end', which is reserved in the global namespace [bugprone-reserved-identifier,cert-dcl37-c,cert-dcl51-cpp]
   58 | extern ksym _symbol_table_end[];
      |             ^~~~~~~~~~~~~~~~~
      |             symbol_table_end
[1;32m[Checks][0m boot/limine/limine_request.c ...
include/kernel.h:57:13: warning: declaration uses identifier '_symbol_table_start', which is reserved in the global namespace [bugprone-reserved-identifier,cert-dcl37-c,cert-dcl51-cpp]
   57 | extern ksym _symbol_table_start[];
      |             ^~~~~~~~~~~~~~~~~~~
      |             symbol_table_start
include/kernel.h:58:13: warning: declaration uses identifier '_symbol_table_end', which is reserved in the global namespace [bugprone-reserved-identifier,cert-dcl37-c,cert-dcl51-cpp]
   58 | extern ksym _symbol_table_end[];
      |             ^~~~~~~~~~~~~~~~~
      |             symbol_table_end
[1;32m[Checks][0m boot/limine/limine_enter.c ...
/home/tmx/TKernel2/boot/limine/limine_enter.c:5:6: warning: function 'limine_enter' can be made static to enforce internal linkage [misc-use-internal-linkage]
    5 | void limine_enter(void)
      |      ^
      | static 
include/kernel.h:57:13: warning: declaration uses identifier '_symbol_table_start', which is reserved in the global namespace [bugprone-reserved-identifier,cert-dcl37-c,cert-dcl51-cpp]
   57 | extern ksym _symbol_table_start[];
      |             ^~~~~~~~~~~~~~~~~~~
      |             symbol_table_start
include/kernel.h:58:13: warning: declaration uses identifier '_symbol_table_end', which is reserved in the global namespace [bugprone-reserved-identifier,cert-dcl37-c,cert-dcl51-cpp]
   58 | extern ksym _symbol_table_end[];
      |             ^~~~~~~~~~~~~~~~~
      |             symbol_table_end
[1;32m[Checks][0m lib/libc/string.c ...
[1;32m[Checks][0m lib/libc/stdlib.c ...
/home/tmx/TKernel2/lib/libc/stdlib.c:179:37: warning: 4 adjacent parameters of 'number' of convertible types are easily swapped by mistake [bugprone-easily-swappable-parameters]
  179 | char *number(char *str, size_t num, size_t base, size_t size, size_t precision, int type)
      |                                     ^~~~~~~~~~~~~~~~~~~~~~~~~~~~~~~~~~~~~~~~~~~~~~~~~~~~
/home/tmx/TKernel2/lib/libc/stdlib.c:179:44: note: the first parameter in the range is 'base'
  179 | char *number(char *str, size_t num, size_t base, size_t size, size_t precision, int type)
      |                                            ^~~~
/home/tmx/TKernel2/lib/libc/stdlib.c:179:85: note: the last parameter in the range is 'type'
  179 | char *number(char *str, size_t num, size_t base, size_t size, size_t precision, int type)
      |                                                                                     ^~~~
/home/tmx/TKernel2/lib/libc/stdlib.c:179:37: note: 
  179 | char *number(char *str, size_t num, size_t base, size_t size, size_t precision, int type)
      |                                     ^
/home/tmx/TKernel2/lib/libc/stdlib.c:179:81: note: 'size_t' and 'int' may be implicitly converted: 'size_t' (as 'unsigned long') -> 'int', 'int' -> 'size_t' (as 'unsigned long')
  179 | char *number(char *str, size_t num, size_t base, size_t size, size_t precision, int type)
      |                                                                                 ^
/home/tmx/TKernel2/lib/libc/stdlib.c:260:36: warning: 2 adjacent parameters of 'number_length' of similar type ('size_t') are easily swapped by mistake [bugprone-easily-swappable-parameters]
  260 | uint64_t number_length(size_t num, size_t base, size_t size, size_t precision, int type)
      |                                    ^~~~~~~~~~~~~~~~~~~~~~~~
/home/tmx/TKernel2/lib/libc/stdlib.c:260:43: note: the first parameter in the range is 'base'
  260 | uint64_t number_length(size_t num, size_t base, size_t size, size_t precision, int type)
      |                                           ^~~~
/home/tmx/TKernel2/lib/libc/stdlib.c:260:56: note: the last parameter in the range is 'size'
  260 | uint64_t number_length(size_t num, size_t base, size_t size, size_t precision, int type)
      |                                                        ^~~~
/home/tmx/TKernel2/lib/libc/stdlib.c:260:62: warning: 2 adjacent parameters of 'number_length' of convertible types are easily swapped by mistake [bugprone-easily-swappable-parameters]
  260 | uint64_t number_length(size_t num, size_t base, size_t size, size_t precision, int type)
      |                                                              ^~~~~~~~~~~~~~~~~~~~~~~~~~
/home/tmx/TKernel2/lib/libc/stdlib.c:260:69: note: the first parameter in the range is 'precision'
  260 | uint64_t number_length(size_t num, size_t base, size_t size, size_t precision, int type)
      |                                                                     ^~~~~~~~~
/home/tmx/TKernel2/lib/libc/stdlib.c:260:84: note: the last parameter in the range is 'type'
  260 | uint64_t number_length(size_t num, size_t base, size_t size, size_t precision, int type)
      |                                                                                    ^~~~
/home/tmx/TKernel2/lib/libc/stdlib.c:260:62: note: 
  260 | uint64_t number_length(size_t num, size_t base, size_t size, size_t precision, int type)
      |                                                              ^
/home/tmx/TKernel2/lib/libc/stdlib.c:260:80: note: 'size_t' and 'int' may be implicitly converted: 'size_t' (as 'unsigned long') -> 'int', 'int' -> 'size_t' (as 'unsigned long')
  260 | uint64_t number_length(size_t num, size_t base, size_t size, size_t precision, int type)
      |                                                                                ^
[1;32m[Checks][0m lib/utils/hash.c ...
/home/tmx/TKernel2/lib/utils/hash.c:7:17: warning: 'signed char' to 'int' conversion; consider casting to 'unsigned char' first. [bugprone-signed-char-misuse,cert-str34-c]
    7 |     while ((c = *str++)) hash = ((hash << 5) + hash) + c; // hash * 33 + c
      |                 ^
include/hash.h:1:1: warning: avoid 'pragma once' directive; use include guards instead [portability-avoid-pragma-once]
    1 | #pragma once
      | ^
[1;32m[Checks][0m include/common.h ...
[1;32m[Checks][0m include/limine.h ...
[1;32m[Checks][0m include/limine_module.h ...
[1;32m[Checks][0m include/multiboot2.h ...
[1;32m[Checks][0m include/ringlog.h ...
[1;32m[Checks][0m include/stddef.h ...
[1;32m[Checks][0m include/stdint.h ...
[1;32m[Checks][0m include/elf_parse.h ...
[1;32m[Checks][0m include/serial.h ...
[1;32m[Checks][0m include/stdlib.h ...
[1;32m[Checks][0m include/cpio.h ...
[1;32m[Checks][0m include/kernel.h ...
/home/tmx/TKernel2/include/kernel.h:57:13: warning: declaration uses identifier '_symbol_table_start', which is reserved in the global namespace [bugprone-reserved-identifier,cert-dcl37-c,cert-dcl51-cpp]
   57 | extern ksym _symbol_table_start[];
      |             ^~~~~~~~~~~~~~~~~~~
      |             symbol_table_start
/home/tmx/TKernel2/include/kernel.h:58:13: warning: declaration uses identifier '_symbol_table_end', which is reserved in the global namespace [bugprone-reserved-identifier,cert-dcl37-c,cert-dcl51-cpp]
   58 | extern ksym _symbol_table_end[];
      |             ^~~~~~~~~~~~~~~~~
      |             symbol_table_end
[1;32m[Checks][0m include/os_terminal.h ...
/home/tmx/TKernel2/include/os_terminal.h:1:1: warning: avoid 'pragma once' directive; use include guards instead [portability-avoid-pragma-once]
    1 | #pragma once
      | ^
[1;32m[Checks][0m include/tkm.h ...
/home/tmx/TKernel2/include/kernel.h:57:13: warning: declaration uses identifier '_symbol_table_start', which is reserved in the global namespace [bugprone-reserved-identifier,cert-dcl37-c,cert-dcl51-cpp]
   57 | extern ksym _symbol_table_start[];
      |             ^~~~~~~~~~~~~~~~~~~
      |             symbol_table_start
/home/tmx/TKernel2/include/kernel.h:58:13: warning: declaration uses identifier '_symbol_table_end', which is reserved in the global namespace [bugprone-reserved-identifier,cert-dcl37-c,cert-dcl51-cpp]
   58 | extern ksym _symbol_table_end[];
      |             ^~~~~~~~~~~~~~~~~
      |             symbol_table_end
[1;32m[Checks][0m include/string.h ...
[1;32m[Checks][0m include/stdarg.h ...
[1;32m[Checks][0m include/printk.h ...
/home/tmx/TKernel2/include/printk.h:40:9: warning: declaration uses identifier '__ansi_tmp_macro1', which is a reserved identifier [bugprone-reserved-identifier,cert-dcl37-c,cert-dcl51-cpp]
   40 | #define __ansi_tmp_macro1(x) #x
      |         ^~~~~~~~~~~~~~~~~
      |         _ansi_tmp_macro1
/home/tmx/TKernel2/include/printk.h:41:9: warning: declaration uses identifier '__ansi_tmp_macro2', which is a reserved identifier [bugprone-reserved-identifier,cert-dcl37-c,cert-dcl51-cpp]
   41 | #define __ansi_tmp_macro2(x) __ansi_tmp_macro1(x)
      |         ^~~~~~~~~~~~~~~~~
      |         _ansi_tmp_macro2
[1;32m[Checks][0m include/hash.h ...
/home/tmx/TKernel2/include/hash.h:1:1: warning: avoid 'pragma once' directive; use include guards instead [portability-avoid-pragma-once]
    1 | #pragma once
      | ^
[1;32m[Checks][0m include/generated/autoconf.h ...
[1;32m[Checks][0m include/debug.h ...
[1;32m[Checks][0m modules/LoT/include/bitmap.h ...
[1;32m[Checks][0m modules/LoT/include/frame.h ...
[1;32m[Checks][0m modules/LoT/include/heap.h ...
[1;32m[Checks][0m modules/LoT/include/hhdm.h ...
[1;32m[Checks][0m modules/LoT/include/page.h ...
[1;32m[Checks][0m modules/LoT/include/alloc.h ...
[1;32m[Checks][0m modules/LoT/include/interrupt.h ...
[1;32m[Checks][0m modules/LoT/include/idt.h ...
[1;32m[Checks][0m modules/LoT/include/gdt.h ...
[1;32m[Checks][0m modules/LoT/include/apic.h ...
[1;32m[Checks][0m modules/LoT/include/acpi.h ...
[1;32m[Checks][0m modules/LoT/include/pci.h ...
[1;32m[Checks][0m modules/LoT/include/timer.h ...
[1;32m[ Done  ][0m Code Checks complete.

